Γû▓ Next.js 16.1.4 (Turbopack)
- Environments: .env.local

  Creating an optimized production build ...
Γ£ô Compiled successfully in 1794.0ms
  Running TypeScript ...
  Collecting page data using 19 workers ...
  Generating static pages using 19 workers (0/93) ...
  Generating static pages using 19 workers (23/93) 
  Generating static pages using 19 workers (46/93) 
  Generating static pages using 19 workers (69/93) 
Γ£ô Generating static pages using 19 workers (93/93) in 41s
  Finalizing page optimization ...

Route (app)                                                                            Revalidate  Expire
Γöî Γùï /
Γö£ Γùï /_not-found
Γö£ Γùï /about
Γö£ ╞Æ /api/contact
Γö£ Γùï /contact
Γö£ Γùï /digital-assistant/selection-aids
Γö£ Γùï /digital-assistant/vacuum-calculator
Γö£ Γùï /news                                                                                      1m      1y
Γö£ ΓùÅ /news/[slug]                                                                               1m      1y
Γöé Γö£ /news/pameran-allpack-indonesia-2025-dqw-dukung-industri-manufaktur-berkelanjutan          1m      1y
Γöé Γö£ /news/schmalz-chain-hoist                                                                  1m      1y
Γöé Γö£ /news/produk-schmalz-di-industri-kaca                                                      1m      1y
Γöé Γöö [+17 more paths]
Γö£ Γùï /products
Γö£ ╞Æ /products/[slug]
Γö£ Γùï /products/binar
Γö£ ΓùÅ /products/binar/[slug]
Γöé Γö£ /products/binar/qla-50i-om
Γöé Γö£ /products/binar/qla-100i-om
Γöé Γö£ /products/binar/qla-200i-om
Γöé Γöö [+6 more paths]
Γö£ Γùï /products/schmalz
Γö£ ΓùÅ /products/schmalz/[slug]
Γöé Γö£ /products/schmalz/vacuum-tube-lifter
Γöé Γö£ /products/schmalz/vacumaster
Γöé Γö£ /products/schmalz/mobile-lifting-device
Γöé Γöö [+3 more paths]
Γö£ Γùï /products/schmalz/crane-system
Γö£ ΓùÅ /products/schmalz/crane-system/[variant]
Γöé Γö£ /products/schmalz/crane-system/jib-cranes
Γöé Γö£ /products/schmalz/crane-system/aluminum-bridge-cranes
Γöé Γö£ /products/schmalz/crane-system/kbg-steel-construction
Γöé Γöö /products/schmalz/crane-system/chain-hoists
Γö£ Γùï /products/schmalz/mobile-lifting-device
Γö£ ΓùÅ /products/schmalz/mobile-lifting-device/[variant]
Γöé Γö£ /products/schmalz/mobile-lifting-device/jumboflex-mobile
Γöé Γöö /products/schmalz/mobile-lifting-device/jumboflex-picker
Γö£ Γùï /products/schmalz/rope-balancer
Γö£ ΓùÅ /products/schmalz/rope-balancer/[variant]
Γöé Γö£ /products/schmalz/rope-balancer/neo-30
Γöé Γö£ /products/schmalz/rope-balancer/quick-lift-arm-qla
Γöé Γö£ /products/schmalz/rope-balancer/quick-lift-rail-qlr
Γöé Γöö /products/schmalz/rope-balancer/ergo-glass
Γö£ Γùï /products/schmalz/vacumaster
Γö£ ΓùÅ /products/schmalz/vacumaster/[variant]
Γöé Γö£ /products/schmalz/vacumaster/basic
Γöé Γö£ /products/schmalz/vacumaster/comfort
Γöé Γö£ /products/schmalz/vacumaster/vario
Γöé Γöö [+8 more paths]
Γö£ Γùï /products/schmalz/vacuum-suction-cups
Γö£ ΓùÅ /products/schmalz/vacuum-suction-cups/[variant]
Γöé Γö£ /products/schmalz/vacuum-suction-cups/flat-round
Γöé Γö£ /products/schmalz/vacuum-suction-cups/bellows-round
Γöé Γö£ /products/schmalz/vacuum-suction-cups/flat-oval
Γöé Γöö [+9 more paths]
Γö£ Γùï /products/schmalz/vacuum-tube-lifter
Γö£ ΓùÅ /products/schmalz/vacuum-tube-lifter/[variant]
Γöé Γö£ /products/schmalz/vacuum-tube-lifter/jumboflex
Γöé Γö£ /products/schmalz/vacuum-tube-lifter/jumboflex-gen1
Γöé Γö£ /products/schmalz/vacuum-tube-lifter/jumboergo
Γöé Γöö [+6 more paths]
Γö£ Γùï /robots.txt
Γö£ Γùï /services
Γöö Γùï /sitemap.xml                                                                               1m      1y


Γùï  (Static)   prerendered as static content
ΓùÅ  (SSG)      prerendered as static HTML (uses generateStaticParams)
╞Æ  (Dynamic)  server-rendered on demand

